

================================================================
== Vivado HLS Report for 'mmult_hw'
================================================================
* Date:           Sat Mar  7 15:55:11 2020

* Version:        2017.1 (Build 1846317 on Fri Apr 14 19:19:38 MDT 2017)
* Project:        accel
* Solution:       solution0
* Product family: zynq
* Target device:  xc7z020clg484-1


================================================================
== Performance Estimates
================================================================
+ Timing (ns): 
    * Summary: 
    +--------+-------+----------+------------+
    |  Clock | Target| Estimated| Uncertainty|
    +--------+-------+----------+------------+
    |ap_clk  |  10.00|      7.26|        1.25|
    +--------+-------+----------+------------+

+ Latency (clock cycles): 
    * Summary: 
    +--------+--------+--------+--------+---------+
    |     Latency     |     Interval    | Pipeline|
    |   min  |   max  |   min  |   max  |   Type  |
    +--------+--------+--------+--------+---------+
    |  230331|  230331|  230332|  230332|   none  |
    +--------+--------+--------+--------+---------+

    + Detail: 
        * Instance: 
        N/A

        * Loop: 
        +--------------+--------+--------+----------+-----------+-----------+------+----------+
        |              |     Latency     | Iteration|  Initiation Interval  | Trip |          |
        |   Loop Name  |   min  |   max  |  Latency |  achieved |   target  | Count| Pipelined|
        +--------------+--------+--------+----------+-----------+-----------+------+----------+
        |- LOAD_OFF_1  |      10|      10|         2|          -|          -|     5|    no    |
        |- LOAD_W_1    |    2580|    2580|       258|          -|          -|    10|    no    |
        | + LOAD_W_2   |     256|     256|         2|          -|          -|   128|    no    |
        |- LOAD_I_1    |    2064|    2064|       258|          -|          -|     8|    no    |
        | + LOAD_I_2   |     256|     256|         2|          -|          -|   128|    no    |
        |- L1          |  225536|  225536|     28192|          -|          -|     8|    no    |
        | + L2         |   28190|   28190|      2819|          -|          -|    10|    no    |
        |  ++ L3       |    2816|    2816|        11|          -|          -|   256|    no    |
        |- STORE_O_1   |     136|     136|        17|          -|          -|     8|    no    |
        | + STORE_O_2  |      15|      15|         3|          -|          -|     5|    no    |
        +--------------+--------+--------+----------+-----------+-----------+------+----------+



================================================================
== Utilization Estimates
================================================================
* Summary: 
+-----------------+---------+-------+--------+-------+
|       Name      | BRAM_18K| DSP48E|   FF   |  LUT  |
+-----------------+---------+-------+--------+-------+
|DSP              |        -|      -|       -|      -|
|Expression       |        -|      -|       0|    537|
|FIFO             |        -|      -|       -|      -|
|Instance         |        0|      5|     384|    751|
|Memory           |       16|      -|       0|      0|
|Multiplexer      |        -|      -|       -|    558|
|Register         |        -|      -|     779|      -|
+-----------------+---------+-------+--------+-------+
|Total            |       16|      5|    1163|   1846|
+-----------------+---------+-------+--------+-------+
|Available        |      280|    220|  106400|  53200|
+-----------------+---------+-------+--------+-------+
|Utilization (%)  |        5|      2|       1|      3|
+-----------------+---------+-------+--------+-------+

+ Detail: 
    * Instance: 
    +------------------------------+----------------------------+---------+-------+-----+-----+
    |           Instance           |           Module           | BRAM_18K| DSP48E|  FF | LUT |
    +------------------------------+----------------------------+---------+-------+-----+-----+
    |mmult_hw_CONTROL_BUS_s_axi_U  |mmult_hw_CONTROL_BUS_s_axi  |        0|      0|   36|   40|
    |mmult_hw_fadd_32nbkb_U1       |mmult_hw_fadd_32nbkb        |        0|      2|  205|  390|
    |mmult_hw_fmul_32ncud_U2       |mmult_hw_fmul_32ncud        |        0|      3|  143|  321|
    +------------------------------+----------------------------+---------+-------+-----+-----+
    |Total                         |                            |        0|      5|  384|  751|
    +------------------------------+----------------------------+---------+-------+-----+-----+

    * DSP48: 
    N/A

    * Memory: 
    +--------------+---------------------+---------+---+----+------+-----+------+-------------+
    |    Memory    |        Module       | BRAM_18K| FF| LUT| Words| Bits| Banks| W*Bits*Banks|
    +--------------+---------------------+---------+---+----+------+-----+------+-------------+
    |in_buf_U      |mmult_hw_in_buf      |        4|  0|   0|  2048|   32|     1|        65536|
    |offset_buf_U  |mmult_hw_offset_buf  |        2|  0|   0|    10|   32|     1|          320|
    |out_buf_U     |mmult_hw_out_buf     |        2|  0|   0|    80|   32|     1|         2560|
    |weight_buf_U  |mmult_hw_weight_buf  |        8|  0|   0|  2560|   32|     1|        81920|
    +--------------+---------------------+---------+---+----+------+-----+------+-------------+
    |Total         |                     |       16|  0|   0|  4698|  128|     4|       150336|
    +--------------+---------------------+---------+---+----+------+-----+------+-------------+

    * FIFO: 
    N/A

    * Expression: 
    +------------------------------------+----------+-------+---+----+------------+------------+
    |            Variable Name           | Operation| DSP48E| FF| LUT| Bitwidth P0| Bitwidth P1|
    +------------------------------------+----------+-------+---+----+------------+------------+
    |i_1_fu_646_p2                       |     +    |      0|  0|  13|           2|           4|
    |i_2_fu_658_p2                       |     +    |      0|  0|  13|           4|           1|
    |i_3_fu_761_p2                       |     +    |      0|  0|  13|           4|           1|
    |i_4_fu_864_p2                       |     +    |      0|  0|  13|           4|           1|
    |i_5_fu_997_p2                       |     +    |      0|  0|  13|           4|           1|
    |indvars_iv_next1_fu_713_p2          |     +    |      0|  0|  18|          11|           8|
    |indvars_iv_next6_fu_816_p2          |     +    |      0|  0|  19|          12|           8|
    |indvars_iv_next_fu_1097_p2          |     +    |      0|  0|  15|           6|           3|
    |is_idx_5_fu_767_p2                  |     +    |      0|  0|  19|          12|           8|
    |is_idx_6_fu_791_p2                  |     +    |      0|  0|  19|           1|          12|
    |j_1_fu_707_p2                       |     +    |      0|  0|  16|           2|           9|
    |j_2_fu_810_p2                       |     +    |      0|  0|  16|           2|           9|
    |j_3_fu_1091_p2                      |     +    |      0|  0|  13|           4|           2|
    |j_4_fu_918_p2                       |     +    |      0|  0|  13|           4|           1|
    |k_1_fu_961_p2                       |     +    |      0|  0|  16|           9|           1|
    |os_idx_2_fu_1003_p2                 |     +    |      0|  0|  15|           6|           3|
    |tmp_11_fu_688_p2                    |     +    |      0|  0|  18|           1|          11|
    |tmp_14_fu_698_p2                    |     +    |      0|  0|  20|          13|          13|
    |tmp_29_fu_906_p2                    |     +    |      0|  0|  15|           8|           8|
    |tmp_2_fu_610_p2                     |     +    |      0|  0|  12|           3|           1|
    |tmp_36_fu_1079_p2                   |     +    |      0|  0|  15|           6|           1|
    |tmp_37_fu_801_p2                    |     +    |      0|  0|  20|          13|          13|
    |tmp_45_fu_1033_p2                   |     +    |      0|  0|  15|           8|           8|
    |tmp_47_fu_933_p2                    |     +    |      0|  0|  15|           8|           8|
    |tmp_48_fu_1049_p2                   |     +    |      0|  0|  15|           8|           8|
    |tmp_49_fu_1069_p2                   |     +    |      0|  0|  15|           8|           8|
    |tmp_50_fu_971_p2                    |     +    |      0|  0|  20|          13|          13|
    |tmp_51_fu_981_p2                    |     +    |      0|  0|  20|          13|          13|
    |tmp_s_fu_664_p2                     |     +    |      0|  0|  18|          11|           8|
    |in_stream_data_V_0_load_A           |    and   |      0|  0|   2|           1|           1|
    |in_stream_data_V_0_load_B           |    and   |      0|  0|   2|           1|           1|
    |out_stream_data_V_1_load_A          |    and   |      0|  0|   2|           1|           1|
    |out_stream_data_V_1_load_B          |    and   |      0|  0|   2|           1|           1|
    |out_stream_last_V_1_load_A          |    and   |      0|  0|   2|           1|           1|
    |out_stream_last_V_1_load_B          |    and   |      0|  0|   2|           1|           1|
    |exitcond1_fu_991_p2                 |   icmp   |      0|  0|   2|           4|           5|
    |exitcond2_fu_955_p2                 |   icmp   |      0|  0|   5|           9|          10|
    |exitcond3_fu_912_p2                 |   icmp   |      0|  0|   2|           4|           4|
    |exitcond4_fu_858_p2                 |   icmp   |      0|  0|   2|           4|           5|
    |exitcond5_fu_604_p2                 |   icmp   |      0|  0|   1|           3|           3|
    |exitcond6_fu_652_p2                 |   icmp   |      0|  0|   2|           4|           4|
    |exitcond7_fu_785_p2                 |   icmp   |      0|  0|   6|          12|          12|
    |exitcond8_fu_755_p2                 |   icmp   |      0|  0|   2|           4|           5|
    |exitcond9_fu_682_p2                 |   icmp   |      0|  0|   6|          11|          11|
    |exitcond_fu_1039_p2                 |   icmp   |      0|  0|   3|           6|           6|
    |in_stream_data_V_0_state_cmp_full   |   icmp   |      0|  0|   1|           2|           1|
    |last_assign_fu_1085_p2              |   icmp   |      0|  0|   3|           6|           6|
    |out_stream_data_V_1_state_cmp_full  |   icmp   |      0|  0|   1|           2|           1|
    |out_stream_last_V_1_state_cmp_full  |   icmp   |      0|  0|   1|           2|           1|
    |ap_block_state24                    |    or    |      0|  0|   2|           1|           1|
    |tmp_17_fu_737_p2                    |    or    |      0|  0|   8|           8|           1|
    |tmp_25_fu_840_p2                    |    or    |      0|  0|   8|           8|           1|
    |tmp_32_fu_1059_p2                   |    or    |      0|  0|   4|           4|           1|
    |tmp_8_fu_635_p2                     |    or    |      0|  0|   4|           4|           1|
    +------------------------------------+----------+-------+---+----+------------+------------+
    |Total                               |          |      0|  0| 537|         304|         270|
    +------------------------------------+----------+-------+---+----+------------+------------+

    * Multiplexer: 
    +------------------------------+-----+-----------+-----+-----------+
    |             Name             | LUT | Input Size| Bits| Total Bits|
    +------------------------------+-----+-----------+-----+-----------+
    |ap_NS_fsm                     |  129|         28|    1|         28|
    |i1_reg_378                    |    9|          2|    4|          8|
    |i2_reg_435                    |    9|          2|    4|          8|
    |i4_reg_480                    |    9|          2|    4|          8|
    |i6_reg_549                    |    9|          2|    4|          8|
    |i_reg_343                     |    9|          2|    4|          8|
    |in_buf_address0               |   15|          3|   11|         33|
    |in_stream_TDATA_blk_n         |    9|          2|    1|          2|
    |in_stream_data_V_0_data_out   |    9|          2|   64|        128|
    |in_stream_data_V_0_state      |   15|          3|    2|          6|
    |in_stream_dest_V_0_state      |   15|          3|    2|          6|
    |indvars_iv1_reg_366           |    9|          2|   11|         22|
    |indvars_iv5_reg_423           |    9|          2|   12|         24|
    |indvars_iv_reg_525            |    9|          2|    6|         12|
    |is_idx_1_reg_390              |    9|          2|   11|         22|
    |is_idx_2_reg_413              |    9|          2|   11|         22|
    |is_idx_3_reg_447              |    9|          2|   12|         24|
    |is_idx_4_reg_470              |    9|          2|   12|         24|
    |is_idx_reg_355                |    9|          2|    3|          6|
    |j3_reg_459                    |    9|          2|    9|         18|
    |j5_reg_491                    |    9|          2|    4|          8|
    |j7_reg_570                    |    9|          2|    4|          8|
    |j_reg_402                     |    9|          2|    9|         18|
    |k_reg_503                     |    9|          2|    9|         18|
    |offset_buf_address0           |   15|          3|    4|         12|
    |os_idx_1_reg_560              |    9|          2|    6|         12|
    |os_idx_reg_537                |    9|          2|    6|         12|
    |out_buf_address0              |   15|          3|    7|         21|
    |out_stream_TDATA_blk_n        |    9|          2|    1|          2|
    |out_stream_data_V_1_data_out  |    9|          2|   64|        128|
    |out_stream_data_V_1_state     |   15|          3|    2|          6|
    |out_stream_dest_V_1_state     |   15|          3|    2|          6|
    |out_stream_id_V_1_state       |   15|          3|    2|          6|
    |out_stream_keep_V_1_state     |   15|          3|    2|          6|
    |out_stream_last_V_1_data_out  |    9|          2|    1|          2|
    |out_stream_last_V_1_state     |   15|          3|    2|          6|
    |out_stream_strb_V_1_state     |   15|          3|    2|          6|
    |out_stream_user_V_1_state     |   15|          3|    2|          6|
    |tmp1_reg_514                  |    9|          2|   32|         64|
    |weight_buf_address0           |   15|          3|   12|         36|
    +------------------------------+-----+-----------+-----+-----------+
    |Total                         |  558|        119|  361|        800|
    +------------------------------+-----+-----------+-----+-----------+

    * Register: 
    +-------------------------------+----+----+-----+-----------+
    |              Name             | FF | LUT| Bits| Const Bits|
    +-------------------------------+----+----+-----+-----------+
    |ap_CS_fsm                      |  27|   0|   27|          0|
    |i1_reg_378                     |   4|   0|    4|          0|
    |i2_reg_435                     |   4|   0|    4|          0|
    |i4_reg_480                     |   4|   0|    4|          0|
    |i6_reg_549                     |   4|   0|    4|          0|
    |i_2_reg_1136                   |   4|   0|    4|          0|
    |i_3_reg_1182                   |   4|   0|    4|          0|
    |i_4_reg_1228                   |   4|   0|    4|          0|
    |i_5_reg_1312                   |   4|   0|    4|          0|
    |i_reg_343                      |   4|   0|    4|          0|
    |in_buf_load_reg_1289           |  32|   0|   32|          0|
    |in_stream_data_V_0_payload_A   |  64|   0|   64|          0|
    |in_stream_data_V_0_payload_B   |  64|   0|   64|          0|
    |in_stream_data_V_0_sel_rd      |   1|   0|    1|          0|
    |in_stream_data_V_0_sel_wr      |   1|   0|    1|          0|
    |in_stream_data_V_0_state       |   2|   0|    2|          0|
    |in_stream_dest_V_0_state       |   2|   0|    2|          0|
    |indvars_iv1_reg_366            |  11|   0|   11|          0|
    |indvars_iv5_reg_423            |  12|   0|   12|          0|
    |indvars_iv_reg_525             |   6|   0|    6|          0|
    |is_idx_1_reg_390               |  11|   0|   11|          0|
    |is_idx_2_reg_413               |  11|   0|   11|          0|
    |is_idx_3_reg_447               |  12|   0|   12|          0|
    |is_idx_4_reg_470               |  12|   0|   12|          0|
    |is_idx_5_reg_1187              |  12|   0|   12|          0|
    |is_idx_6_reg_1200              |  12|   0|   12|          0|
    |is_idx_reg_355                 |   3|   0|    3|          0|
    |j3_reg_459                     |   9|   0|    9|          0|
    |j5_reg_491                     |   4|   0|    4|          0|
    |j7_reg_570                     |   4|   0|    4|          0|
    |j_1_reg_1169                   |   9|   0|    9|          0|
    |j_2_reg_1215                   |   9|   0|    9|          0|
    |j_3_reg_1351                   |   4|   0|    4|          0|
    |j_4_reg_1246                   |   4|   0|    4|          0|
    |j_reg_402                      |   9|   0|    9|          0|
    |k_1_reg_1274                   |   9|   0|    9|          0|
    |k_reg_503                      |   9|   0|    9|          0|
    |last_assign_reg_1346           |   1|   0|    1|          0|
    |os_idx_1_reg_560               |   6|   0|    6|          0|
    |os_idx_2_reg_1317              |   6|   0|    6|          0|
    |os_idx_reg_537                 |   6|   0|    6|          0|
    |out_buf_addr_2_reg_1251        |   7|   0|    7|          0|
    |out_stream_data_V_1_payload_A  |  64|   0|   64|          0|
    |out_stream_data_V_1_payload_B  |  64|   0|   64|          0|
    |out_stream_data_V_1_sel_rd     |   1|   0|    1|          0|
    |out_stream_data_V_1_sel_wr     |   1|   0|    1|          0|
    |out_stream_data_V_1_state      |   2|   0|    2|          0|
    |out_stream_dest_V_1_sel_rd     |   1|   0|    1|          0|
    |out_stream_dest_V_1_state      |   2|   0|    2|          0|
    |out_stream_id_V_1_sel_rd       |   1|   0|    1|          0|
    |out_stream_id_V_1_state        |   2|   0|    2|          0|
    |out_stream_keep_V_1_sel_rd     |   1|   0|    1|          0|
    |out_stream_keep_V_1_state      |   2|   0|    2|          0|
    |out_stream_last_V_1_payload_A  |   1|   0|    1|          0|
    |out_stream_last_V_1_payload_B  |   1|   0|    1|          0|
    |out_stream_last_V_1_sel_rd     |   1|   0|    1|          0|
    |out_stream_last_V_1_sel_wr     |   1|   0|    1|          0|
    |out_stream_last_V_1_state      |   2|   0|    2|          0|
    |out_stream_strb_V_1_sel_rd     |   1|   0|    1|          0|
    |out_stream_strb_V_1_state      |   2|   0|    2|          0|
    |out_stream_user_V_1_sel_rd     |   1|   0|    1|          0|
    |out_stream_user_V_1_state      |   2|   0|    2|          0|
    |tmp1_reg_514                   |  32|   0|   32|          0|
    |tmp_11_reg_1154                |  11|   0|   11|          0|
    |tmp_14_cast_reg_1192           |   4|   0|   13|          9|
    |tmp_14_reg_1159                |  13|   0|   13|          0|
    |tmp_18_reg_1164                |   8|   0|    8|          0|
    |tmp_27_cast_reg_1233           |   4|   0|   13|          9|
    |tmp_29_reg_1238                |   7|   0|    8|          1|
    |tmp_2_reg_1123                 |   3|   0|    3|          0|
    |tmp_36_reg_1341                |   6|   0|    6|          0|
    |tmp_37_reg_1205                |  13|   0|   13|          0|
    |tmp_38_reg_1299                |  32|   0|   32|          0|
    |tmp_40_reg_1210                |   8|   0|    8|          0|
    |tmp_45_reg_1322                |   7|   0|    8|          1|
    |tmp_50_cast_reg_1261           |   4|   0|   13|          9|
    |tmp_5_cast_reg_1146            |   4|   0|   13|          9|
    |tmp_s_reg_1141                 |  11|   0|   11|          0|
    |weight_buf_load_reg_1294       |  32|   0|   32|          0|
    +-------------------------------+----+----+-----+-----------+
    |Total                          | 779|   0|  817|         38|
    +-------------------------------+----+----+-----+-----------+



================================================================
== Interface
================================================================
* Summary: 
+---------------------------+-----+-----+------------+-------------------+--------------+
|         RTL Ports         | Dir | Bits|  Protocol  |   Source Object   |    C Type    |
+---------------------------+-----+-----+------------+-------------------+--------------+
|s_axi_CONTROL_BUS_AWVALID  |  in |    1|    s_axi   |    CONTROL_BUS    |  return void |
|s_axi_CONTROL_BUS_AWREADY  | out |    1|    s_axi   |    CONTROL_BUS    |  return void |
|s_axi_CONTROL_BUS_AWADDR   |  in |    4|    s_axi   |    CONTROL_BUS    |  return void |
|s_axi_CONTROL_BUS_WVALID   |  in |    1|    s_axi   |    CONTROL_BUS    |  return void |
|s_axi_CONTROL_BUS_WREADY   | out |    1|    s_axi   |    CONTROL_BUS    |  return void |
|s_axi_CONTROL_BUS_WDATA    |  in |   32|    s_axi   |    CONTROL_BUS    |  return void |
|s_axi_CONTROL_BUS_WSTRB    |  in |    4|    s_axi   |    CONTROL_BUS    |  return void |
|s_axi_CONTROL_BUS_ARVALID  |  in |    1|    s_axi   |    CONTROL_BUS    |  return void |
|s_axi_CONTROL_BUS_ARREADY  | out |    1|    s_axi   |    CONTROL_BUS    |  return void |
|s_axi_CONTROL_BUS_ARADDR   |  in |    4|    s_axi   |    CONTROL_BUS    |  return void |
|s_axi_CONTROL_BUS_RVALID   | out |    1|    s_axi   |    CONTROL_BUS    |  return void |
|s_axi_CONTROL_BUS_RREADY   |  in |    1|    s_axi   |    CONTROL_BUS    |  return void |
|s_axi_CONTROL_BUS_RDATA    | out |   32|    s_axi   |    CONTROL_BUS    |  return void |
|s_axi_CONTROL_BUS_RRESP    | out |    2|    s_axi   |    CONTROL_BUS    |  return void |
|s_axi_CONTROL_BUS_BVALID   | out |    1|    s_axi   |    CONTROL_BUS    |  return void |
|s_axi_CONTROL_BUS_BREADY   |  in |    1|    s_axi   |    CONTROL_BUS    |  return void |
|s_axi_CONTROL_BUS_BRESP    | out |    2|    s_axi   |    CONTROL_BUS    |  return void |
|ap_clk                     |  in |    1| ap_ctrl_hs |      mmult_hw     | return value |
|ap_rst_n                   |  in |    1| ap_ctrl_hs |      mmult_hw     | return value |
|interrupt                  | out |    1| ap_ctrl_hs |      mmult_hw     | return value |
|in_stream_TDATA            |  in |   64|    axis    |  in_stream_data_V |    pointer   |
|in_stream_TVALID           |  in |    1|    axis    |  in_stream_dest_V |    pointer   |
|in_stream_TREADY           | out |    1|    axis    |  in_stream_dest_V |    pointer   |
|in_stream_TDEST            |  in |    5|    axis    |  in_stream_dest_V |    pointer   |
|in_stream_TKEEP            |  in |    8|    axis    |  in_stream_keep_V |    pointer   |
|in_stream_TSTRB            |  in |    8|    axis    |  in_stream_strb_V |    pointer   |
|in_stream_TUSER            |  in |    4|    axis    |  in_stream_user_V |    pointer   |
|in_stream_TLAST            |  in |    1|    axis    |  in_stream_last_V |    pointer   |
|in_stream_TID              |  in |    5|    axis    |   in_stream_id_V  |    pointer   |
|out_stream_TDATA           | out |   64|    axis    | out_stream_data_V |    pointer   |
|out_stream_TVALID          | out |    1|    axis    | out_stream_dest_V |    pointer   |
|out_stream_TREADY          |  in |    1|    axis    | out_stream_dest_V |    pointer   |
|out_stream_TDEST           | out |    5|    axis    | out_stream_dest_V |    pointer   |
|out_stream_TKEEP           | out |    8|    axis    | out_stream_keep_V |    pointer   |
|out_stream_TSTRB           | out |    8|    axis    | out_stream_strb_V |    pointer   |
|out_stream_TUSER           | out |    4|    axis    | out_stream_user_V |    pointer   |
|out_stream_TLAST           | out |    1|    axis    | out_stream_last_V |    pointer   |
|out_stream_TID             | out |    5|    axis    |  out_stream_id_V  |    pointer   |
+---------------------------+-----+-----+------------+-------------------+--------------+

